[2025-05-21T23:06:00.845Z] Starting Electron application...
[2025-05-21T23:06:00.847Z] Main process initialized
[2025-05-21T23:06:00.880Z] App is ready, creating window...
[2025-05-21T23:06:00.881Z] Creating main window...
[2025-05-21T23:06:00.949Z] Main window created
[2025-05-21T23:06:00.966Z] Loading screen shown, waiting for dev server...
[2025-05-21T23:06:00.967Z] Waiting for Next.js dev server to be ready...
[2025-05-21T23:06:02.020Z] Attempt 1/30: Waiting for dev server...
[2025-05-21T23:06:04.042Z] Attempt 2/30: Waiting for dev server...
[2025-05-21T23:06:06.069Z] Attempt 3/30: Waiting for dev server...
[2025-05-21T23:06:08.091Z] Attempt 4/30: Waiting for dev server...
[2025-05-21T23:06:09.218Z] Attempt 5/30: Waiting for dev server...
[2025-05-21T23:06:10.338Z] Attempt 6/30: Waiting for dev server...
[2025-05-21T23:06:11.451Z] Attempt 7/30: Waiting for dev server...
[2025-05-21T23:06:12.587Z] Attempt 8/30: Waiting for dev server...
[2025-05-21T23:06:13.723Z] Attempt 9/30: Waiting for dev server...
[2025-05-21T23:06:14.843Z] Attempt 10/30: Waiting for dev server...
[2025-05-21T23:06:15.962Z] Attempt 11/30: Waiting for dev server...
[2025-05-21T23:06:17.071Z] Attempt 12/30: Waiting for dev server...
[2025-05-21T23:06:18.216Z] Attempt 13/30: Waiting for dev server...
[2025-05-21T23:06:19.329Z] Attempt 14/30: Waiting for dev server...
[2025-05-21T23:06:20.452Z] Attempt 15/30: Waiting for dev server...
[2025-05-21T23:06:21.592Z] Attempt 16/30: Waiting for dev server...
[2025-05-21T23:06:22.708Z] Attempt 17/30: Waiting for dev server...
[2025-05-21T23:06:23.814Z] Attempt 18/30: Waiting for dev server...
[2025-05-21T23:06:24.931Z] Attempt 19/30: Waiting for dev server...
[2025-05-21T23:06:26.044Z] Attempt 20/30: Waiting for dev server...
[2025-05-21T23:06:27.156Z] Attempt 21/30: Waiting for dev server...
[2025-05-21T23:06:28.265Z] Attempt 22/30: Waiting for dev server...
[2025-05-21T23:06:29.398Z] Attempt 23/30: Waiting for dev server...
[2025-05-21T23:06:30.502Z] Attempt 24/30: Waiting for dev server...
[2025-05-21T23:06:31.608Z] Attempt 25/30: Waiting for dev server...
[2025-05-21T23:06:32.798Z] Attempt 26/30: Waiting for dev server...
[2025-05-21T23:06:33.916Z] Attempt 27/30: Waiting for dev server...
[2025-05-21T23:06:35.035Z] Attempt 28/30: Waiting for dev server...
[2025-05-21T23:06:36.139Z] Attempt 29/30: Waiting for dev server...
[2025-05-21T23:06:37.265Z] Attempt 30/30: Waiting for dev server...
[2025-05-21T23:06:38.280Z] Timed out waiting for Next.js dev server
[2025-05-21T23:06:38.281Z] Could not connect to dev server, showing error page
