[2025-05-19 19:48:23.880] [info]  [FinCRuM] Electron log file location: D:\Local_Git\FinCRuM\electron-main.log
[2025-05-19 19:48:23.993] [info]  [FinCRuM] Application starting
[2025-05-19 19:48:23.995] [info]  [FinCRuM] Main process initialized, event listeners attached.
[2025-05-19 19:48:24.045] [info]  [FinCRuM] App is ready
[2025-05-19 19:48:24.047] [info]  [FinCRuM] Creating main window
[2025-05-19 19:48:24.048] [info]  [FinCRuM] Process type: browser
[2025-05-19 19:48:24.050] [info]  [FinCRuM] Process platform: win32
[2025-05-19 19:48:24.052] [info]  [FinCRuM] Node version: 20.16.0
[2025-05-19 19:48:24.054] [info]  [FinCRuM] Electron version: 30.5.1
[2025-05-19 19:48:24.055] [info]  [FinCRuM] Chrome version: 124.0.6367.243
[2025-05-19 19:48:24.058] [info]  [FinCRuM] Initializing BrowserWindow
[2025-05-19 19:48:24.192] [info]  [FinCRuM] BrowserWindow created successfully
[2025-05-19 19:48:24.222] [info]  [FinCRuM] Found app directory index at: D:\Local_Git\FinCRuM\.next\server\app\index.html
[2025-05-19 19:48:24.223] [info]  [FinCRuM] Primary URL: http://localhost:9002, Fallback: file://D:\Local_Git\FinCRuM\.next\server\app\index.html
[2025-05-19 19:48:24.224] [info]  [FinCRuM] Attempting initial load with test HTML.
[2025-05-19 19:48:24.237] [info]  [FinCRuM] Window created successfully
[2025-05-19 19:48:24.264] [info]  [FinCRuM] Window focus event fired
[2025-05-19 19:48:24.596] [info]  [FinCRuM] Window ready to show
[2025-05-19 19:48:24.598] [info]  [FinCRuM] Window bounds: {"x":680,"y":296,"width":1200,"height":800}
[2025-05-19 19:48:24.599] [info]  [FinCRuM] Window visible: true
[2025-05-19 19:48:24.600] [info]  [FinCRuM] Window focused: true
[2025-05-19 19:48:24.602] [info]  [FinCRuM] Window show event fired
[2025-05-19 19:48:24.603] [info]  [FinCRuM] Window shown, now visible: true
[2025-05-19 19:48:24.606] [info]  [FinCRuM] Page finished loading: data:text/html,<html><head><title>Initial Load Test</title><style>body{background-color: #282c34;%20...
[2025-05-19 19:48:37.392] [info]  [FinCRuM] Page finished loading: data:text/html,<html><head><title>Initial Load Test</title><style>body{background-color: #282c34;%20...
[2025-05-19 19:48:46.688] [info]  [FinCRuM] Window blur event fired
[2025-05-19 19:49:04.329] [info]  [FinCRuM] Window focus event fired
[2025-05-19 19:49:04.365] [info]  [FinCRuM] Window closed
[2025-05-19 19:49:04.366] [info]  [FinCRuM] All windows closed
[2025-05-19 19:49:04.368] [info]  [FinCRuM] Quitting application
