[2025-07-12T04:35:13.318Z] [INFO] ============================================================
[2025-07-12T04:35:13.324Z] [INFO] Starting FinCRuM Production Environment
[2025-07-12T04:35:13.325Z] [INFO] ============================================================
[2025-07-12T04:35:13.326Z] [INFO] Validating environment...
[2025-07-12T04:35:13.327Z] [SUCCESS] Environment validation passed
[2025-07-12T04:35:13.328Z] [INFO] Starting Next.js server on port 9002...
[2025-07-12T04:35:13.330Z] [INFO] Starting NextJS-Server... - {"command":"node","args":[".next/standalone/server.js"]}
[2025-07-12T04:35:14.134Z] [INFO] [NextJS-Server] ▲ Next.js 15.2.3
[2025-07-12T04:35:14.136Z] [INFO] [NextJS-Server] - Local:        http://localhost:9002
   - Network:      http://0.0.0.0:9002

 ✓ Starting...
[2025-07-12T04:35:14.278Z] [INFO] [NextJS-Server] ✓ Ready in 161ms
[2025-07-12T04:35:15.342Z] [INFO] Waiting for server to be ready...
[2025-07-12T04:35:15.393Z] [SUCCESS] Server is ready at http://localhost:9002
[2025-07-12T04:35:15.394Z] [INFO] Starting Electron application...
[2025-07-12T04:35:15.395Z] [INFO] Starting Electron-App... - {"command":"electron","args":["electron.js"]}
[2025-07-12T04:35:18.412Z] [SUCCESS] FinCRuM started successfully in production mode!
[2025-07-12T04:35:18.413Z] [INFO] Starting health monitoring...
[2025-07-12T04:35:27.716Z] [INFO] Electron-App exited successfully
[2025-07-12T15:37:56.108Z] [INFO] Received SIGINT, shutting down gracefully...
[2025-07-12T15:37:56.199Z] [INFO] Cleaning up processes...
[2025-07-12T15:37:56.200Z] [INFO] Terminating NextJS-Server...
[2025-07-12T15:38:04.907Z] [INFO] ============================================================
[2025-07-12T15:38:04.912Z] [INFO] Starting FinCRuM Production Environment
[2025-07-12T15:38:04.913Z] [INFO] ============================================================
[2025-07-12T15:38:04.914Z] [INFO] Validating environment...
[2025-07-12T15:38:04.916Z] [SUCCESS] Environment validation passed
[2025-07-12T15:38:04.917Z] [INFO] Starting Next.js server on port 9002...
[2025-07-12T15:38:04.918Z] [INFO] Starting NextJS-Server... - {"command":"node","args":[".next/standalone/server.js"]}
[2025-07-12T15:38:06.944Z] [INFO] Waiting for server to be ready...
[2025-07-12T15:38:09.164Z] [INFO] [NextJS-Server] ▲ Next.js 15.2.3
[2025-07-12T15:38:09.165Z] [INFO] [NextJS-Server] - Local:        http://localhost:9002
   - Network:      http://0.0.0.0:9002

 ✓ Starting...
[2025-07-12T15:38:09.887Z] [INFO] [NextJS-Server] ✓ Ready in 742ms
[2025-07-12T15:38:11.070Z] [SUCCESS] Server is ready at http://localhost:9002
[2025-07-12T15:38:11.071Z] [INFO] Starting Electron application...
[2025-07-12T15:38:11.072Z] [INFO] Starting Electron-App... - {"command":"electron","args":["electron.js"]}
[2025-07-12T15:38:14.082Z] [SUCCESS] FinCRuM started successfully in production mode!
[2025-07-12T15:38:14.083Z] [INFO] Starting health monitoring...
[2025-07-12T15:38:29.037Z] [INFO] Electron-App exited successfully
[2025-07-12T15:43:27.059Z] [INFO] ============================================================
[2025-07-12T15:43:27.064Z] [INFO] Starting FinCRuM Production Environment
[2025-07-12T15:43:27.065Z] [INFO] ============================================================
[2025-07-12T15:43:27.066Z] [INFO] Validating environment...
[2025-07-12T15:43:27.067Z] [SUCCESS] Environment validation passed
[2025-07-12T15:43:27.068Z] [INFO] Starting Next.js server on port 9002...
[2025-07-12T15:43:27.070Z] [INFO] Starting NextJS-Server... - {"command":"node","args":[".next/standalone/server.js"]}
[2025-07-12T15:43:27.886Z] [INFO] [NextJS-Server] ▲ Next.js 15.2.3
[2025-07-12T15:43:27.887Z] [INFO] [NextJS-Server] - Local:        http://localhost:9002
   - Network:      http://0.0.0.0:9002

 ✓ Starting...
[2025-07-12T15:43:28.023Z] [INFO] [NextJS-Server] ✓ Ready in 154ms
[2025-07-12T15:43:29.090Z] [INFO] Waiting for server to be ready...
[2025-07-12T15:43:29.145Z] [SUCCESS] Server is ready at http://localhost:9002
[2025-07-12T15:43:29.146Z] [INFO] Starting Electron application...
[2025-07-12T15:43:29.147Z] [INFO] Starting Electron-App... - {"command":"electron","args":["electron.js"]}
[2025-07-12T15:43:32.164Z] [SUCCESS] FinCRuM started successfully in production mode!
[2025-07-12T15:43:32.165Z] [INFO] Starting health monitoring...
[2025-07-12T15:43:32.473Z] [INFO] Electron-App exited successfully
[2025-07-12T16:05:20.273Z] [INFO] ============================================================
[2025-07-12T16:05:20.301Z] [INFO] Starting FinCRuM Production Environment
[2025-07-12T16:05:20.302Z] [INFO] ============================================================
[2025-07-12T16:05:20.303Z] [INFO] Validating environment...
[2025-07-12T16:05:20.304Z] [SUCCESS] Environment validation passed
[2025-07-12T16:05:20.306Z] [INFO] Starting Next.js server on port 9002...
[2025-07-12T16:05:20.307Z] [INFO] Starting NextJS-Server... - {"command":"node","args":[".next/standalone/server.js"]}
[2025-07-12T16:05:21.663Z] [INFO] [NextJS-Server] ▲ Next.js 15.2.3
[2025-07-12T16:05:21.664Z] [INFO] [NextJS-Server] - Local:        http://localhost:9002
   - Network:      http://0.0.0.0:9002

 ✓ Starting...
[2025-07-12T16:05:21.927Z] [INFO] [NextJS-Server] ✓ Ready in 283ms
[2025-07-12T16:05:22.322Z] [INFO] Waiting for server to be ready...
[2025-07-12T16:05:22.583Z] [SUCCESS] Server is ready at http://localhost:9002
[2025-07-12T16:05:22.584Z] [INFO] Starting Electron application...
[2025-07-12T16:05:22.585Z] [INFO] Starting Electron-App... - {"command":"electron","args":["electron.js"]}
[2025-07-12T16:05:25.610Z] [SUCCESS] FinCRuM started successfully in production mode!
[2025-07-12T16:05:25.611Z] [INFO] Starting health monitoring...
[2025-07-12T16:05:26.117Z] [INFO] Electron-App exited successfully
[2025-07-12T16:08:17.247Z] [INFO] ============================================================
[2025-07-12T16:08:17.253Z] [INFO] Starting FinCRuM Production Environment
[2025-07-12T16:08:17.254Z] [INFO] ============================================================
[2025-07-12T16:08:17.255Z] [INFO] Validating environment...
[2025-07-12T16:08:17.257Z] [SUCCESS] Environment validation passed
[2025-07-12T16:08:17.258Z] [INFO] Starting Next.js server on port 9002...
[2025-07-12T16:08:17.259Z] [INFO] Starting NextJS-Server... - {"command":"node","args":[".next/standalone/server.js"]}
[2025-07-12T16:08:18.117Z] [INFO] [NextJS-Server] ▲ Next.js 15.2.3
[2025-07-12T16:08:18.119Z] [INFO] [NextJS-Server] - Local:        http://localhost:9002
   - Network:      http://0.0.0.0:9002

 ✓ Starting...
[2025-07-12T16:08:18.260Z] [INFO] [NextJS-Server] ✓ Ready in 162ms
[2025-07-12T16:08:19.279Z] [INFO] Waiting for server to be ready...
[2025-07-12T16:08:19.340Z] [SUCCESS] Server is ready at http://localhost:9002
[2025-07-12T16:08:19.341Z] [INFO] Starting Electron application...
[2025-07-12T16:08:19.342Z] [INFO] Starting Electron-App... - {"command":"electron","args":["electron.js"]}
[2025-07-12T16:08:22.367Z] [SUCCESS] FinCRuM started successfully in production mode!
[2025-07-12T16:08:22.368Z] [INFO] Starting health monitoring...
[2025-07-12T16:08:22.676Z] [INFO] Electron-App exited successfully
[2025-07-12T16:12:19.248Z] [INFO] ============================================================
[2025-07-12T16:12:19.252Z] [INFO] Starting FinCRuM Production Environment
[2025-07-12T16:12:19.253Z] [INFO] ============================================================
[2025-07-12T16:12:19.254Z] [INFO] Validating environment...
[2025-07-12T16:12:19.255Z] [SUCCESS] Environment validation passed
[2025-07-12T16:12:19.256Z] [INFO] Starting Next.js server on port 9002...
[2025-07-12T16:12:19.257Z] [INFO] Starting NextJS-Server... - {"command":"node","args":[".next/standalone/server.js"]}
[2025-07-12T16:12:20.008Z] [INFO] [NextJS-Server] ▲ Next.js 15.2.3
[2025-07-12T16:12:20.010Z] [INFO] [NextJS-Server] - Local:        http://localhost:9002
   - Network:      http://0.0.0.0:9002

 ✓ Starting...
[2025-07-12T16:12:20.149Z] [INFO] [NextJS-Server] ✓ Ready in 158ms
[2025-07-12T16:12:21.270Z] [INFO] Waiting for server to be ready...
[2025-07-12T16:12:21.326Z] [SUCCESS] Server is ready at http://localhost:9002
[2025-07-12T16:12:21.327Z] [INFO] Starting Electron application...
[2025-07-12T16:12:21.328Z] [INFO] Starting Electron-App... - {"command":"electron","args":["electron.js"]}
[2025-07-12T16:12:24.353Z] [SUCCESS] FinCRuM started successfully in production mode!
[2025-07-12T16:12:24.354Z] [INFO] Starting health monitoring...
[2025-07-12T16:12:24.531Z] [INFO] Electron-App exited successfully
[2025-07-12T16:15:22.046Z] [INFO] Received SIGINT, shutting down gracefully...
[2025-07-12T16:15:22.046Z] [INFO] Cleaning up processes...
[2025-07-12T16:15:22.047Z] [INFO] Terminating NextJS-Server...
